src/App.tsx(1,8): error TS6133: 'React' is declared but its value is never read.
src/App.tsx(3,51): error TS6133: 'Menu' is declared but its value is never read.
src/App.tsx(3,57): error TS6133: 'X' is declared but its value is never read.
src/App.tsx(17,10): error TS6133: 'showNav' is declared but its value is never read.
src/App.tsx(17,19): error TS6133: 'setShowNav' is declared but its value is never read.
src/components/AboutUsSection.tsx(48,39): error TS2322: Type '{ hidden: { opacity: number; y: number; }; show: { opacity: number; y: number; transition: { type: string; }; }; }' is not assignable to type 'Variants'.
  Property 'show' is incompatible with index signature.
    Type '{ opacity: number; y: number; transition: { type: string; }; }' is not assignable to type 'Variant'.
      Type '{ opacity: number; y: number; transition: { type: string; }; }' is not assignable to type 'TargetAndTransition'.
        Type '{ opacity: number; y: number; transition: { type: string; }; }' is not assignable to type '{ transition?: Transition<any> | undefined; transitionEnd?: ResolvedValues$1 | undefined; }'.
          Types of property 'transition' are incompatible.
            Type '{ type: string; }' is not assignable to type 'Transition<any> | undefined'.
              Type '{ type: string; }' is not assignable to type 'TransitionWithValueOverrides<any>'.
                Type '{ type: string; }' is not assignable to type 'ValueAnimationTransition<any>'.
                  Types of property 'type' are incompatible.
                    Type 'string' is not assignable to type 'AnimationGeneratorType | undefined'.
src/components/AnnouncementsSection.tsx(67,40): error TS2322: Type '{ hidden: { opacity: number; y: number; }; show: { opacity: number; y: number; transition: { type: string; stiffness: number; }; }; }' is not assignable to type 'Variants'.
  Property 'show' is incompatible with index signature.
    Type '{ opacity: number; y: number; transition: { type: string; stiffness: number; }; }' is not assignable to type 'Variant'.
      Type '{ opacity: number; y: number; transition: { type: string; stiffness: number; }; }' is not assignable to type 'TargetAndTransition'.
        Type '{ opacity: number; y: number; transition: { type: string; stiffness: number; }; }' is not assignable to type '{ transition?: Transition<any> | undefined; transitionEnd?: ResolvedValues$1 | undefined; }'.
          Types of property 'transition' are incompatible.
            Type '{ type: string; stiffness: number; }' is not assignable to type 'Transition<any> | undefined'.
              Type '{ type: string; stiffness: number; }' is not assignable to type 'TransitionWithValueOverrides<any>'.
                Type '{ type: string; stiffness: number; }' is not assignable to type 'ValueAnimationTransition<any>'.
                  Types of property 'type' are incompatible.
                    Type 'string' is not assignable to type 'AnimationGeneratorType | undefined'.
src/components/CalendarSection.tsx(1,8): error TS6133: 'React' is declared but its value is never read.
src/components/ContactSection.tsx(3,18): error TS6133: 'AnimatePresence' is declared but its value is never read.
src/components/DocumentsSection.tsx(1,1): error TS6133: 'React' is declared but its value is never read.
src/components/DocumentsSection.tsx(31,31): error TS6133: 'idx' is declared but its value is never read.
src/components/HeroSection.tsx(20,18): error TS2322: Type '{ hidden: { opacity: number; y: number; filter: string; }; show: { opacity: number; y: number; filter: string; transition: { type: string; stiffness: number; }; }; }' is not assignable to type 'Variants'.
  Property 'show' is incompatible with index signature.
    Type '{ opacity: number; y: number; filter: string; transition: { type: string; stiffness: number; }; }' is not assignable to type 'Variant'.
      Type '{ opacity: number; y: number; filter: string; transition: { type: string; stiffness: number; }; }' is not assignable to type 'TargetAndTransition'.
        Type '{ opacity: number; y: number; filter: string; transition: { type: string; stiffness: number; }; }' is not assignable to type '{ transition?: Transition<any> | undefined; transitionEnd?: ResolvedValues$1 | undefined; }'.
          Types of property 'transition' are incompatible.
            Type '{ type: string; stiffness: number; }' is not assignable to type 'Transition<any> | undefined'.
              Type '{ type: string; stiffness: number; }' is not assignable to type 'TransitionWithValueOverrides<any>'.
                Type '{ type: string; stiffness: number; }' is not assignable to type 'ValueAnimationTransition<any>'.
                  Types of property 'type' are incompatible.
                    Type 'string' is not assignable to type 'AnimationGeneratorType | undefined'.
src/components/HeroSection.tsx(25,17): error TS2322: Type '{ hidden: { opacity: number; y: number; filter: string; }; show: { opacity: number; y: number; filter: string; transition: { type: string; stiffness: number; }; }; }' is not assignable to type 'Variants'.
  Property 'show' is incompatible with index signature.
    Type '{ opacity: number; y: number; filter: string; transition: { type: string; stiffness: number; }; }' is not assignable to type 'Variant'.
      Type '{ opacity: number; y: number; filter: string; transition: { type: string; stiffness: number; }; }' is not assignable to type 'TargetAndTransition'.
        Type '{ opacity: number; y: number; filter: string; transition: { type: string; stiffness: number; }; }' is not assignable to type '{ transition?: Transition<any> | undefined; transitionEnd?: ResolvedValues$1 | undefined; }'.
          Types of property 'transition' are incompatible.
            Type '{ type: string; stiffness: number; }' is not assignable to type 'Transition<any> | undefined'.
              Type '{ type: string; stiffness: number; }' is not assignable to type 'TransitionWithValueOverrides<any>'.
                Type '{ type: string; stiffness: number; }' is not assignable to type 'ValueAnimationTransition<any>'.
                  Types of property 'type' are incompatible.
                    Type 'string' is not assignable to type 'AnimationGeneratorType | undefined'.
src/components/HeroSection.tsx(29,19): error TS2322: Type '{ hidden: { opacity: number; y: number; filter: string; }; show: { opacity: number; y: number; filter: string; transition: { type: string; stiffness: number; }; }; }' is not assignable to type 'Variants'.
  Property 'show' is incompatible with index signature.
    Type '{ opacity: number; y: number; filter: string; transition: { type: string; stiffness: number; }; }' is not assignable to type 'Variant'.
      Type '{ opacity: number; y: number; filter: string; transition: { type: string; stiffness: number; }; }' is not assignable to type 'TargetAndTransition'.
        Type '{ opacity: number; y: number; filter: string; transition: { type: string; stiffness: number; }; }' is not assignable to type '{ transition?: Transition<any> | undefined; transitionEnd?: ResolvedValues$1 | undefined; }'.
          Types of property 'transition' are incompatible.
            Type '{ type: string; stiffness: number; }' is not assignable to type 'Transition<any> | undefined'.
              Type '{ type: string; stiffness: number; }' is not assignable to type 'TransitionWithValueOverrides<any>'.
                Type '{ type: string; stiffness: number; }' is not assignable to type 'ValueAnimationTransition<any>'.
                  Types of property 'type' are incompatible.
                    Type 'string' is not assignable to type 'AnimationGeneratorType | undefined'.
src/components/HomeSection.tsx(2,10): error TS6133: 'Calendar' is declared but its value is never read.
src/components/HomeSection.tsx(2,20): error TS6133: 'FileText' is declared but its value is never read.
src/components/HomeSection.tsx(2,36): error TS6133: 'MessageSquare' is declared but its value is never read.
src/components/HomeSection.tsx(3,18): error TS1484: 'Variants' is a type and must be imported using a type-only import when 'verbatimModuleSyntax' is enabled.
